Archive member included to satisfy reference by file (symbol)

/usr/share/gcc-arm/bin/../lib/gcc/arm-none-eabi/10.3.1/../../../../arm-none-eabi/lib/thumb/v7e-m/nofp/libc_nano.a(lib_a-exit.o)
                              /usr/share/gcc-arm/bin/../lib/gcc/arm-none-eabi/10.3.1/../../../../arm-none-eabi/lib/thumb/v7e-m/nofp/crt0.o (exit)
/usr/share/gcc-arm/bin/../lib/gcc/arm-none-eabi/10.3.1/../../../../arm-none-eabi/lib/thumb/v7e-m/nofp/libc_nano.a(lib_a-impure.o)
                              /usr/share/gcc-arm/bin/../lib/gcc/arm-none-eabi/10.3.1/../../../../arm-none-eabi/lib/thumb/v7e-m/nofp/libc_nano.a(lib_a-exit.o) (_global_impure_ptr)
/usr/share/gcc-arm/bin/../lib/gcc/arm-none-eabi/10.3.1/../../../../arm-none-eabi/lib/thumb/v7e-m/nofp/libc_nano.a(lib_a-init.o)
                              /usr/share/gcc-arm/bin/../lib/gcc/arm-none-eabi/10.3.1/../../../../arm-none-eabi/lib/thumb/v7e-m/nofp/crt0.o (__libc_init_array)
/usr/share/gcc-arm/bin/../lib/gcc/arm-none-eabi/10.3.1/../../../../arm-none-eabi/lib/thumb/v7e-m/nofp/libc_nano.a(lib_a-memset.o)
                              /usr/share/gcc-arm/bin/../lib/gcc/arm-none-eabi/10.3.1/../../../../arm-none-eabi/lib/thumb/v7e-m/nofp/crt0.o (memset)
/usr/share/gcc-arm/bin/../lib/gcc/arm-none-eabi/10.3.1/../../../../arm-none-eabi/lib/thumb/v7e-m/nofp/libnosys.a(_exit.o)
                              /usr/share/gcc-arm/bin/../lib/gcc/arm-none-eabi/10.3.1/../../../../arm-none-eabi/lib/thumb/v7e-m/nofp/libc_nano.a(lib_a-exit.o) (_exit)

Discarded input sections

 .text          0x0000000000000000        0x0 /usr/share/gcc-arm/bin/../lib/gcc/arm-none-eabi/10.3.1/thumb/v7e-m/nofp/crti.o
 .data          0x0000000000000000        0x0 /usr/share/gcc-arm/bin/../lib/gcc/arm-none-eabi/10.3.1/thumb/v7e-m/nofp/crti.o
 .bss           0x0000000000000000        0x0 /usr/share/gcc-arm/bin/../lib/gcc/arm-none-eabi/10.3.1/thumb/v7e-m/nofp/crti.o
 .data          0x0000000000000000        0x4 /usr/share/gcc-arm/bin/../lib/gcc/arm-none-eabi/10.3.1/thumb/v7e-m/nofp/crtbegin.o
 .rodata        0x0000000000000000       0x24 /usr/share/gcc-arm/bin/../lib/gcc/arm-none-eabi/10.3.1/thumb/v7e-m/nofp/crtbegin.o
 .text          0x0000000000000000       0x7c /usr/share/gcc-arm/bin/../lib/gcc/arm-none-eabi/10.3.1/../../../../arm-none-eabi/lib/thumb/v7e-m/nofp/crt0.o
 .data          0x0000000000000000        0x0 /usr/share/gcc-arm/bin/../lib/gcc/arm-none-eabi/10.3.1/../../../../arm-none-eabi/lib/thumb/v7e-m/nofp/crt0.o
 .bss           0x0000000000000000        0x0 /usr/share/gcc-arm/bin/../lib/gcc/arm-none-eabi/10.3.1/../../../../arm-none-eabi/lib/thumb/v7e-m/nofp/crt0.o
 .ARM.extab     0x0000000000000000        0x0 /usr/share/gcc-arm/bin/../lib/gcc/arm-none-eabi/10.3.1/../../../../arm-none-eabi/lib/thumb/v7e-m/nofp/crt0.o
 .ARM.exidx     0x0000000000000000       0x10 /usr/share/gcc-arm/bin/../lib/gcc/arm-none-eabi/10.3.1/../../../../arm-none-eabi/lib/thumb/v7e-m/nofp/crt0.o
 .ARM.attributes
                0x0000000000000000       0x1c /usr/share/gcc-arm/bin/../lib/gcc/arm-none-eabi/10.3.1/../../../../arm-none-eabi/lib/thumb/v7e-m/nofp/crt0.o
 .text          0x0000000000000000       0x14 ./src/startup.o
 .data          0x0000000000000000        0x0 ./src/startup.o
 .bss           0x0000000000000000        0x0 ./src/startup.o
 .text          0x0000000000000000        0x0 ./src/main.o
 .data          0x0000000000000000        0x0 ./src/main.o
 .bss           0x0000000000000000        0x0 ./src/main.o
 .text          0x0000000000000000        0x0 /usr/share/gcc-arm/bin/../lib/gcc/arm-none-eabi/10.3.1/../../../../arm-none-eabi/lib/thumb/v7e-m/nofp/libc_nano.a(lib_a-exit.o)
 .data          0x0000000000000000        0x0 /usr/share/gcc-arm/bin/../lib/gcc/arm-none-eabi/10.3.1/../../../../arm-none-eabi/lib/thumb/v7e-m/nofp/libc_nano.a(lib_a-exit.o)
 .bss           0x0000000000000000        0x0 /usr/share/gcc-arm/bin/../lib/gcc/arm-none-eabi/10.3.1/../../../../arm-none-eabi/lib/thumb/v7e-m/nofp/libc_nano.a(lib_a-exit.o)
 .text.exit     0x0000000000000000       0x28 /usr/share/gcc-arm/bin/../lib/gcc/arm-none-eabi/10.3.1/../../../../arm-none-eabi/lib/thumb/v7e-m/nofp/libc_nano.a(lib_a-exit.o)
 .debug_frame   0x0000000000000000       0x28 /usr/share/gcc-arm/bin/../lib/gcc/arm-none-eabi/10.3.1/../../../../arm-none-eabi/lib/thumb/v7e-m/nofp/libc_nano.a(lib_a-exit.o)
 .ARM.attributes
                0x0000000000000000       0x2e /usr/share/gcc-arm/bin/../lib/gcc/arm-none-eabi/10.3.1/../../../../arm-none-eabi/lib/thumb/v7e-m/nofp/libc_nano.a(lib_a-exit.o)
 .text          0x0000000000000000        0x0 /usr/share/gcc-arm/bin/../lib/gcc/arm-none-eabi/10.3.1/../../../../arm-none-eabi/lib/thumb/v7e-m/nofp/libc_nano.a(lib_a-impure.o)
 .data          0x0000000000000000        0x0 /usr/share/gcc-arm/bin/../lib/gcc/arm-none-eabi/10.3.1/../../../../arm-none-eabi/lib/thumb/v7e-m/nofp/libc_nano.a(lib_a-impure.o)
 .bss           0x0000000000000000        0x0 /usr/share/gcc-arm/bin/../lib/gcc/arm-none-eabi/10.3.1/../../../../arm-none-eabi/lib/thumb/v7e-m/nofp/libc_nano.a(lib_a-impure.o)
 .data._impure_ptr
                0x0000000000000000        0x4 /usr/share/gcc-arm/bin/../lib/gcc/arm-none-eabi/10.3.1/../../../../arm-none-eabi/lib/thumb/v7e-m/nofp/libc_nano.a(lib_a-impure.o)
 .data.impure_data
                0x0000000000000000       0x60 /usr/share/gcc-arm/bin/../lib/gcc/arm-none-eabi/10.3.1/../../../../arm-none-eabi/lib/thumb/v7e-m/nofp/libc_nano.a(lib_a-impure.o)
 .rodata._global_impure_ptr
                0x0000000000000000        0x4 /usr/share/gcc-arm/bin/../lib/gcc/arm-none-eabi/10.3.1/../../../../arm-none-eabi/lib/thumb/v7e-m/nofp/libc_nano.a(lib_a-impure.o)
 .ARM.attributes
                0x0000000000000000       0x2e /usr/share/gcc-arm/bin/../lib/gcc/arm-none-eabi/10.3.1/../../../../arm-none-eabi/lib/thumb/v7e-m/nofp/libc_nano.a(lib_a-impure.o)
 .text          0x0000000000000000        0x0 /usr/share/gcc-arm/bin/../lib/gcc/arm-none-eabi/10.3.1/../../../../arm-none-eabi/lib/thumb/v7e-m/nofp/libc_nano.a(lib_a-init.o)
 .data          0x0000000000000000        0x0 /usr/share/gcc-arm/bin/../lib/gcc/arm-none-eabi/10.3.1/../../../../arm-none-eabi/lib/thumb/v7e-m/nofp/libc_nano.a(lib_a-init.o)
 .bss           0x0000000000000000        0x0 /usr/share/gcc-arm/bin/../lib/gcc/arm-none-eabi/10.3.1/../../../../arm-none-eabi/lib/thumb/v7e-m/nofp/libc_nano.a(lib_a-init.o)
 .text.__libc_init_array
                0x0000000000000000       0x48 /usr/share/gcc-arm/bin/../lib/gcc/arm-none-eabi/10.3.1/../../../../arm-none-eabi/lib/thumb/v7e-m/nofp/libc_nano.a(lib_a-init.o)
 .debug_frame   0x0000000000000000       0x2c /usr/share/gcc-arm/bin/../lib/gcc/arm-none-eabi/10.3.1/../../../../arm-none-eabi/lib/thumb/v7e-m/nofp/libc_nano.a(lib_a-init.o)
 .ARM.attributes
                0x0000000000000000       0x2e /usr/share/gcc-arm/bin/../lib/gcc/arm-none-eabi/10.3.1/../../../../arm-none-eabi/lib/thumb/v7e-m/nofp/libc_nano.a(lib_a-init.o)
 .text          0x0000000000000000        0x0 /usr/share/gcc-arm/bin/../lib/gcc/arm-none-eabi/10.3.1/../../../../arm-none-eabi/lib/thumb/v7e-m/nofp/libc_nano.a(lib_a-memset.o)
 .data          0x0000000000000000        0x0 /usr/share/gcc-arm/bin/../lib/gcc/arm-none-eabi/10.3.1/../../../../arm-none-eabi/lib/thumb/v7e-m/nofp/libc_nano.a(lib_a-memset.o)
 .bss           0x0000000000000000        0x0 /usr/share/gcc-arm/bin/../lib/gcc/arm-none-eabi/10.3.1/../../../../arm-none-eabi/lib/thumb/v7e-m/nofp/libc_nano.a(lib_a-memset.o)
 .text.memset   0x0000000000000000       0x10 /usr/share/gcc-arm/bin/../lib/gcc/arm-none-eabi/10.3.1/../../../../arm-none-eabi/lib/thumb/v7e-m/nofp/libc_nano.a(lib_a-memset.o)
 .debug_frame   0x0000000000000000       0x20 /usr/share/gcc-arm/bin/../lib/gcc/arm-none-eabi/10.3.1/../../../../arm-none-eabi/lib/thumb/v7e-m/nofp/libc_nano.a(lib_a-memset.o)
 .ARM.attributes
                0x0000000000000000       0x2e /usr/share/gcc-arm/bin/../lib/gcc/arm-none-eabi/10.3.1/../../../../arm-none-eabi/lib/thumb/v7e-m/nofp/libc_nano.a(lib_a-memset.o)
 .text          0x0000000000000000        0x0 /usr/share/gcc-arm/bin/../lib/gcc/arm-none-eabi/10.3.1/../../../../arm-none-eabi/lib/thumb/v7e-m/nofp/libnosys.a(_exit.o)
 .data          0x0000000000000000        0x0 /usr/share/gcc-arm/bin/../lib/gcc/arm-none-eabi/10.3.1/../../../../arm-none-eabi/lib/thumb/v7e-m/nofp/libnosys.a(_exit.o)
 .bss           0x0000000000000000        0x0 /usr/share/gcc-arm/bin/../lib/gcc/arm-none-eabi/10.3.1/../../../../arm-none-eabi/lib/thumb/v7e-m/nofp/libnosys.a(_exit.o)
 .text._exit    0x0000000000000000        0x4 /usr/share/gcc-arm/bin/../lib/gcc/arm-none-eabi/10.3.1/../../../../arm-none-eabi/lib/thumb/v7e-m/nofp/libnosys.a(_exit.o)
 .debug_frame   0x0000000000000000       0x20 /usr/share/gcc-arm/bin/../lib/gcc/arm-none-eabi/10.3.1/../../../../arm-none-eabi/lib/thumb/v7e-m/nofp/libnosys.a(_exit.o)
 .ARM.attributes
                0x0000000000000000       0x2e /usr/share/gcc-arm/bin/../lib/gcc/arm-none-eabi/10.3.1/../../../../arm-none-eabi/lib/thumb/v7e-m/nofp/libnosys.a(_exit.o)
 .text          0x0000000000000000        0x0 /usr/share/gcc-arm/bin/../lib/gcc/arm-none-eabi/10.3.1/thumb/v7e-m/nofp/crtend.o
 .data          0x0000000000000000        0x0 /usr/share/gcc-arm/bin/../lib/gcc/arm-none-eabi/10.3.1/thumb/v7e-m/nofp/crtend.o
 .bss           0x0000000000000000        0x0 /usr/share/gcc-arm/bin/../lib/gcc/arm-none-eabi/10.3.1/thumb/v7e-m/nofp/crtend.o
 .rodata        0x0000000000000000       0x24 /usr/share/gcc-arm/bin/../lib/gcc/arm-none-eabi/10.3.1/thumb/v7e-m/nofp/crtend.o
 .eh_frame      0x0000000000000000        0x4 /usr/share/gcc-arm/bin/../lib/gcc/arm-none-eabi/10.3.1/thumb/v7e-m/nofp/crtend.o
 .ARM.attributes
                0x0000000000000000       0x2e /usr/share/gcc-arm/bin/../lib/gcc/arm-none-eabi/10.3.1/thumb/v7e-m/nofp/crtend.o
 .text          0x0000000000000000        0x0 /usr/share/gcc-arm/bin/../lib/gcc/arm-none-eabi/10.3.1/thumb/v7e-m/nofp/crtn.o
 .data          0x0000000000000000        0x0 /usr/share/gcc-arm/bin/../lib/gcc/arm-none-eabi/10.3.1/thumb/v7e-m/nofp/crtn.o
 .bss           0x0000000000000000        0x0 /usr/share/gcc-arm/bin/../lib/gcc/arm-none-eabi/10.3.1/thumb/v7e-m/nofp/crtn.o

Memory Configuration

Name             Origin             Length             Attributes
RAM              0x0000000020000000 0x0000000000020000 xrw
FLASH            0x0000000008000000 0x0000000000080000 xr
*default*        0x0000000000000000 0xffffffffffffffff

Linker script and memory map

LOAD /usr/share/gcc-arm/bin/../lib/gcc/arm-none-eabi/10.3.1/thumb/v7e-m/nofp/crti.o
LOAD /usr/share/gcc-arm/bin/../lib/gcc/arm-none-eabi/10.3.1/thumb/v7e-m/nofp/crtbegin.o
LOAD /usr/share/gcc-arm/bin/../lib/gcc/arm-none-eabi/10.3.1/../../../../arm-none-eabi/lib/thumb/v7e-m/nofp/crt0.o
LOAD ./src/startup.o
LOAD ./src/main.o
LOAD /usr/share/gcc-arm/bin/../lib/gcc/arm-none-eabi/10.3.1/../../../../arm-none-eabi/lib/thumb/v7e-m/nofp/libc_nano.a
LOAD /usr/share/gcc-arm/bin/../lib/gcc/arm-none-eabi/10.3.1/../../../../arm-none-eabi/lib/thumb/v7e-m/nofp/libm.a
LOAD /usr/share/gcc-arm/bin/../lib/gcc/arm-none-eabi/10.3.1/../../../../arm-none-eabi/lib/thumb/v7e-m/nofp/libnosys.a
START GROUP
LOAD /usr/share/gcc-arm/bin/../lib/gcc/arm-none-eabi/10.3.1/thumb/v7e-m/nofp/libgcc.a
LOAD /usr/share/gcc-arm/bin/../lib/gcc/arm-none-eabi/10.3.1/../../../../arm-none-eabi/lib/thumb/v7e-m/nofp/libc_nano.a
END GROUP
START GROUP
LOAD /usr/share/gcc-arm/bin/../lib/gcc/arm-none-eabi/10.3.1/thumb/v7e-m/nofp/libgcc.a
LOAD /usr/share/gcc-arm/bin/../lib/gcc/arm-none-eabi/10.3.1/../../../../arm-none-eabi/lib/thumb/v7e-m/nofp/libc_nano.a
END GROUP
LOAD /usr/share/gcc-arm/bin/../lib/gcc/arm-none-eabi/10.3.1/thumb/v7e-m/nofp/crtend.o
LOAD /usr/share/gcc-arm/bin/../lib/gcc/arm-none-eabi/10.3.1/thumb/v7e-m/nofp/crtn.o
                0x0000000020020000                _estack = (ORIGIN (RAM) + LENGTH (RAM))
                0x0000000000000200                _Min_Heap_Size = 0x200
                0x0000000000000400                _Min_Stack_Size = 0x400

.isr_vector     0x0000000008000000      0x198
                0x0000000008000000                . = ALIGN (0x4)
 *(.isr_vector)
 .isr_vector    0x0000000008000000      0x198 ./src/startup.o
                0x0000000008000000                g_pfnVectors
                0x0000000008000198                . = ALIGN (0x4)

.text           0x0000000008000198       0xa4
                0x0000000008000198                . = ALIGN (0x4)
 *(.text)
 .text          0x0000000008000198       0x40 /usr/share/gcc-arm/bin/../lib/gcc/arm-none-eabi/10.3.1/thumb/v7e-m/nofp/crtbegin.o
 *(.text*)
 .text.Reset_Handler
                0x00000000080001d8       0x48 ./src/startup.o
                0x00000000080001d8                Reset_Handler
 .text.Default_Handler
                0x0000000008000220        0x2 ./src/startup.o
                0x0000000008000220                RTC_Alarm_IRQHandler
                0x0000000008000220                EXTI2_IRQHandler
                0x0000000008000220                DebugMon_Handler
                0x0000000008000220                SPI4_IRQHandler
                0x0000000008000220                TIM1_CC_IRQHandler
                0x0000000008000220                DMA2_Stream5_IRQHandler
                0x0000000008000220                HardFault_Handler
                0x0000000008000220                DMA1_Stream5_IRQHandler
                0x0000000008000220                SysTick_Handler
                0x0000000008000220                PVD_IRQHandler
                0x0000000008000220                SDIO_IRQHandler
                0x0000000008000220                TAMP_STAMP_IRQHandler
                0x0000000008000220                PendSV_Handler
                0x0000000008000220                NMI_Handler
                0x0000000008000220                EXTI3_IRQHandler
                0x0000000008000220                TIM1_UP_TIM10_IRQHandler
                0x0000000008000220                I2C3_ER_IRQHandler
                0x0000000008000220                EXTI0_IRQHandler
                0x0000000008000220                I2C2_EV_IRQHandler
                0x0000000008000220                DMA1_Stream2_IRQHandler
                0x0000000008000220                FPU_IRQHandler
                0x0000000008000220                UsageFault_Handler
                0x0000000008000220                DMA2_Stream2_IRQHandler
                0x0000000008000220                SPI1_IRQHandler
                0x0000000008000220                TIM1_BRK_TIM9_IRQHandler
                0x0000000008000220                DMA2_Stream3_IRQHandler
                0x0000000008000220                USART6_IRQHandler
                0x0000000008000220                DMA2_Stream0_IRQHandler
                0x0000000008000220                TIM4_IRQHandler
                0x0000000008000220                I2C1_EV_IRQHandler
                0x0000000008000220                DMA1_Stream6_IRQHandler
                0x0000000008000220                DMA1_Stream1_IRQHandler
                0x0000000008000220                TIM3_IRQHandler
                0x0000000008000220                RCC_IRQHandler
                0x0000000008000220                Default_Handler
                0x0000000008000220                EXTI15_10_IRQHandler
                0x0000000008000220                ADC_IRQHandler
                0x0000000008000220                DMA1_Stream7_IRQHandler
                0x0000000008000220                SPI5_IRQHandler
                0x0000000008000220                TIM5_IRQHandler
                0x0000000008000220                DMA2_Stream7_IRQHandler
                0x0000000008000220                I2C3_EV_IRQHandler
                0x0000000008000220                EXTI9_5_IRQHandler
                0x0000000008000220                RTC_WKUP_IRQHandler
                0x0000000008000220                SPI2_IRQHandler
                0x0000000008000220                MemManage_Handler
                0x0000000008000220                DMA1_Stream0_IRQHandler
                0x0000000008000220                SVC_Handler
                0x0000000008000220                EXTI4_IRQHandler
                0x0000000008000220                WWDG_IRQHandler
                0x0000000008000220                TIM2_IRQHandler
                0x0000000008000220                OTG_FS_WKUP_IRQHandler
                0x0000000008000220                TIM1_TRG_COM_TIM11_IRQHandler
                0x0000000008000220                EXTI1_IRQHandler
                0x0000000008000220                USART2_IRQHandler
                0x0000000008000220                I2C2_ER_IRQHandler
                0x0000000008000220                DMA2_Stream1_IRQHandler
                0x0000000008000220                FLASH_IRQHandler
                0x0000000008000220                DMA2_Stream4_IRQHandler
                0x0000000008000220                BusFault_Handler
                0x0000000008000220                USART1_IRQHandler
                0x0000000008000220                OTG_FS_IRQHandler
                0x0000000008000220                SPI3_IRQHandler
                0x0000000008000220                DMA1_Stream4_IRQHandler
                0x0000000008000220                I2C1_ER_IRQHandler
                0x0000000008000220                DMA2_Stream6_IRQHandler
                0x0000000008000220                DMA1_Stream3_IRQHandler
 .text.main     0x0000000008000222        0x2 ./src/main.o
                0x0000000008000222                main
 *(.glue_7)
 .glue_7        0x0000000008000224        0x0 linker stubs
 *(.glue_7t)
 .glue_7t       0x0000000008000224        0x0 linker stubs
 *(.eh_frame)
 .eh_frame      0x0000000008000224        0x0 /usr/share/gcc-arm/bin/../lib/gcc/arm-none-eabi/10.3.1/thumb/v7e-m/nofp/crtbegin.o
 *(.init)
 .init          0x0000000008000224        0x4 /usr/share/gcc-arm/bin/../lib/gcc/arm-none-eabi/10.3.1/thumb/v7e-m/nofp/crti.o
                0x0000000008000224                _init
 .init          0x0000000008000228        0x8 /usr/share/gcc-arm/bin/../lib/gcc/arm-none-eabi/10.3.1/thumb/v7e-m/nofp/crtn.o
 *(.fini)
 .fini          0x0000000008000230        0x4 /usr/share/gcc-arm/bin/../lib/gcc/arm-none-eabi/10.3.1/thumb/v7e-m/nofp/crti.o
                0x0000000008000230                _fini
 .fini          0x0000000008000234        0x8 /usr/share/gcc-arm/bin/../lib/gcc/arm-none-eabi/10.3.1/thumb/v7e-m/nofp/crtn.o
                0x000000000800023c                . = ALIGN (0x4)
                0x000000000800023c                _etext = .

.vfp11_veneer   0x000000000800023c        0x0
 .vfp11_veneer  0x000000000800023c        0x0 linker stubs

.v4_bx          0x000000000800023c        0x0
 .v4_bx         0x000000000800023c        0x0 linker stubs

.iplt           0x000000000800023c        0x0
 .iplt          0x000000000800023c        0x0 /usr/share/gcc-arm/bin/../lib/gcc/arm-none-eabi/10.3.1/thumb/v7e-m/nofp/crtbegin.o

.rel.dyn        0x000000000800023c        0x0
 .rel.iplt      0x000000000800023c        0x0 /usr/share/gcc-arm/bin/../lib/gcc/arm-none-eabi/10.3.1/thumb/v7e-m/nofp/crtbegin.o

.rodata         0x000000000800023c        0x0
                0x000000000800023c                . = ALIGN (0x4)
 *(.rodata)
 *(.rodata*)
                0x000000000800023c                . = ALIGN (0x4)

.ARM.extab
 *(.ARM.extab* .gnu.linkonce.armextab.*)

.ARM            0x000000000800023c        0x0
                0x000000000800023c                __exidx_start = .
 *(.ARM.exidx*)
                0x000000000800023c                __exidx_end = .

.preinit_array  0x000000000800023c        0x0
                0x000000000800023c                PROVIDE (__preinit_array_start = .)
 *(.preinit_array*)
                0x000000000800023c                PROVIDE (__preinit_array_end = .)

.init_array     0x000000000800023c        0x4
                0x000000000800023c                PROVIDE (__init_array_start = .)
 *(SORT_BY_NAME(.init_array.*))
 *(.init_array*)
 .init_array    0x000000000800023c        0x4 /usr/share/gcc-arm/bin/../lib/gcc/arm-none-eabi/10.3.1/thumb/v7e-m/nofp/crtbegin.o
                0x0000000008000240                PROVIDE (__init_array_end = .)

.fini_array     0x0000000008000240        0x4
                [!provide]                        PROVIDE (__fini_array_start = .)
 *(SORT_BY_NAME(.fini_array.*))
 *(.fini_array*)
 .fini_array    0x0000000008000240        0x4 /usr/share/gcc-arm/bin/../lib/gcc/arm-none-eabi/10.3.1/thumb/v7e-m/nofp/crtbegin.o
                [!provide]                        PROVIDE (__fini_array_end = .)
                0x0000000008000244                _sidata = LOADADDR (.data)

.data           0x0000000020000000        0x0 load address 0x0000000008000244
                0x0000000020000000                . = ALIGN (0x4)
                0x0000000020000000                _sdata = .
 *(.data)
 *(.data*)
                0x0000000020000000                . = ALIGN (0x4)
                0x0000000020000000                _edata = .

.igot.plt       0x0000000020000000        0x0 load address 0x0000000008000244
 .igot.plt      0x0000000020000000        0x0 /usr/share/gcc-arm/bin/../lib/gcc/arm-none-eabi/10.3.1/thumb/v7e-m/nofp/crtbegin.o
                0x0000000020000000                . = ALIGN (0x4)

.bss            0x0000000020000000       0x1c load address 0x0000000008000244
                0x0000000020000000                _sbss = .
                0x0000000020000000                __bss_start__ = _sbss
 *(.bss)
 .bss           0x0000000020000000       0x1c /usr/share/gcc-arm/bin/../lib/gcc/arm-none-eabi/10.3.1/thumb/v7e-m/nofp/crtbegin.o
 *(.bss*)
 *(COMMON)
                0x000000002000001c                . = ALIGN (0x4)
                0x000000002000001c                _ebss = .
                0x000000002000001c                __bss_end__ = _ebss

._user_heap_stack
                0x000000002000001c      0x604 load address 0x0000000008000244
                0x0000000020000020                . = ALIGN (0x8)
 *fill*         0x000000002000001c        0x4 
                [!provide]                        PROVIDE (end = .)
                [!provide]                        PROVIDE (_end = .)
                0x0000000020000220                . = (. + _Min_Heap_Size)
 *fill*         0x0000000020000020      0x200 
                0x0000000020000620                . = (. + _Min_Stack_Size)
 *fill*         0x0000000020000220      0x400 
                0x0000000020000620                . = ALIGN (0x8)

/DISCARD/
 libc.a(*)
 libm.a(*)
 libgcc.a(*)

.ARM.attributes
                0x0000000000000000       0x2a
 *(.ARM.attributes)
 .ARM.attributes
                0x0000000000000000       0x1e /usr/share/gcc-arm/bin/../lib/gcc/arm-none-eabi/10.3.1/thumb/v7e-m/nofp/crti.o
 .ARM.attributes
                0x000000000000001e       0x2e /usr/share/gcc-arm/bin/../lib/gcc/arm-none-eabi/10.3.1/thumb/v7e-m/nofp/crtbegin.o
 .ARM.attributes
                0x000000000000004c       0x21 ./src/startup.o
 .ARM.attributes
                0x000000000000006d       0x2e ./src/main.o
 .ARM.attributes
                0x000000000000009b       0x1e /usr/share/gcc-arm/bin/../lib/gcc/arm-none-eabi/10.3.1/thumb/v7e-m/nofp/crtn.o
OUTPUT(build/debug.elf elf32-littlearm)
LOAD linker stubs
LOAD /usr/share/gcc-arm/bin/../lib/gcc/arm-none-eabi/10.3.1/../../../../arm-none-eabi/lib/thumb/v7e-m/nofp/libc.a
LOAD /usr/share/gcc-arm/bin/../lib/gcc/arm-none-eabi/10.3.1/../../../../arm-none-eabi/lib/thumb/v7e-m/nofp/libm.a
LOAD /usr/share/gcc-arm/bin/../lib/gcc/arm-none-eabi/10.3.1/thumb/v7e-m/nofp/libgcc.a

.debug_line     0x0000000000000000       0xb9
 .debug_line    0x0000000000000000       0x6c ./src/startup.o
 .debug_line    0x000000000000006c       0x4d ./src/main.o

.debug_info     0x0000000000000000       0x6c
 .debug_info    0x0000000000000000       0x22 ./src/startup.o
 .debug_info    0x0000000000000022       0x4a ./src/main.o

.debug_abbrev   0x0000000000000000       0x4d
 .debug_abbrev  0x0000000000000000       0x12 ./src/startup.o
 .debug_abbrev  0x0000000000000012       0x3b ./src/main.o

.debug_aranges  0x0000000000000000       0x48
 .debug_aranges
                0x0000000000000000       0x28 ./src/startup.o
 .debug_aranges
                0x0000000000000028       0x20 ./src/main.o

.debug_str      0x0000000000000000       0xf2
 .debug_str     0x0000000000000000       0x52 ./src/startup.o
 .debug_str     0x0000000000000052       0xa0 ./src/main.o
                                         0xd6 (size before relaxing)

.debug_ranges   0x0000000000000000       0x30
 .debug_ranges  0x0000000000000000       0x20 ./src/startup.o
 .debug_ranges  0x0000000000000020       0x10 ./src/main.o

.comment        0x0000000000000000       0x49
 .comment       0x0000000000000000       0x49 ./src/main.o
                                         0x4a (size before relaxing)

.debug_frame    0x0000000000000000       0x20
 .debug_frame   0x0000000000000000       0x20 ./src/main.o

Cross Reference Table

Symbol                                            File
ADC_IRQHandler                                    ./src/startup.o
BusFault_Handler                                  ./src/startup.o
DMA1_Stream0_IRQHandler                           ./src/startup.o
DMA1_Stream1_IRQHandler                           ./src/startup.o
DMA1_Stream2_IRQHandler                           ./src/startup.o
DMA1_Stream3_IRQHandler                           ./src/startup.o
DMA1_Stream4_IRQHandler                           ./src/startup.o
DMA1_Stream5_IRQHandler                           ./src/startup.o
DMA1_Stream6_IRQHandler                           ./src/startup.o
DMA1_Stream7_IRQHandler                           ./src/startup.o
DMA2_Stream0_IRQHandler                           ./src/startup.o
DMA2_Stream1_IRQHandler                           ./src/startup.o
DMA2_Stream2_IRQHandler                           ./src/startup.o
DMA2_Stream3_IRQHandler                           ./src/startup.o
DMA2_Stream4_IRQHandler                           ./src/startup.o
DMA2_Stream5_IRQHandler                           ./src/startup.o
DMA2_Stream6_IRQHandler                           ./src/startup.o
DMA2_Stream7_IRQHandler                           ./src/startup.o
DebugMon_Handler                                  ./src/startup.o
Default_Handler                                   ./src/startup.o
EXTI0_IRQHandler                                  ./src/startup.o
EXTI15_10_IRQHandler                              ./src/startup.o
EXTI1_IRQHandler                                  ./src/startup.o
EXTI2_IRQHandler                                  ./src/startup.o
EXTI3_IRQHandler                                  ./src/startup.o
EXTI4_IRQHandler                                  ./src/startup.o
EXTI9_5_IRQHandler                                ./src/startup.o
FLASH_IRQHandler                                  ./src/startup.o
FPU_IRQHandler                                    ./src/startup.o
HardFault_Handler                                 ./src/startup.o
I2C1_ER_IRQHandler                                ./src/startup.o
I2C1_EV_IRQHandler                                ./src/startup.o
I2C2_ER_IRQHandler                                ./src/startup.o
I2C2_EV_IRQHandler                                ./src/startup.o
I2C3_ER_IRQHandler                                ./src/startup.o
I2C3_EV_IRQHandler                                ./src/startup.o
MemManage_Handler                                 ./src/startup.o
NMI_Handler                                       ./src/startup.o
OTG_FS_IRQHandler                                 ./src/startup.o
OTG_FS_WKUP_IRQHandler                            ./src/startup.o
PVD_IRQHandler                                    ./src/startup.o
PendSV_Handler                                    ./src/startup.o
RCC_IRQHandler                                    ./src/startup.o
RTC_Alarm_IRQHandler                              ./src/startup.o
RTC_WKUP_IRQHandler                               ./src/startup.o
Reset_Handler                                     ./src/startup.o
SDIO_IRQHandler                                   ./src/startup.o
SPI1_IRQHandler                                   ./src/startup.o
SPI2_IRQHandler                                   ./src/startup.o
SPI3_IRQHandler                                   ./src/startup.o
SPI4_IRQHandler                                   ./src/startup.o
SPI5_IRQHandler                                   ./src/startup.o
SVC_Handler                                       ./src/startup.o
SysTick_Handler                                   ./src/startup.o
TAMP_STAMP_IRQHandler                             ./src/startup.o
TIM1_BRK_TIM9_IRQHandler                          ./src/startup.o
TIM1_CC_IRQHandler                                ./src/startup.o
TIM1_TRG_COM_TIM11_IRQHandler                     ./src/startup.o
TIM1_UP_TIM10_IRQHandler                          ./src/startup.o
TIM2_IRQHandler                                   ./src/startup.o
TIM3_IRQHandler                                   ./src/startup.o
TIM4_IRQHandler                                   ./src/startup.o
TIM5_IRQHandler                                   ./src/startup.o
USART1_IRQHandler                                 ./src/startup.o
USART2_IRQHandler                                 ./src/startup.o
USART6_IRQHandler                                 ./src/startup.o
UsageFault_Handler                                ./src/startup.o
WWDG_IRQHandler                                   ./src/startup.o
__bss_end__                                       /usr/share/gcc-arm/bin/../lib/gcc/arm-none-eabi/10.3.1/../../../../arm-none-eabi/lib/thumb/v7e-m/nofp/crt0.o
__bss_start__                                     /usr/share/gcc-arm/bin/../lib/gcc/arm-none-eabi/10.3.1/../../../../arm-none-eabi/lib/thumb/v7e-m/nofp/crt0.o
__call_exitprocs                                  /usr/share/gcc-arm/bin/../lib/gcc/arm-none-eabi/10.3.1/../../../../arm-none-eabi/lib/thumb/v7e-m/nofp/libc_nano.a(lib_a-exit.o)
__deregister_frame_info                           /usr/share/gcc-arm/bin/../lib/gcc/arm-none-eabi/10.3.1/thumb/v7e-m/nofp/crtbegin.o
__dso_handle                                      /usr/share/gcc-arm/bin/../lib/gcc/arm-none-eabi/10.3.1/thumb/v7e-m/nofp/crtbegin.o
__init_array_end                                  /usr/share/gcc-arm/bin/../lib/gcc/arm-none-eabi/10.3.1/../../../../arm-none-eabi/lib/thumb/v7e-m/nofp/libc_nano.a(lib_a-init.o)
__init_array_start                                /usr/share/gcc-arm/bin/../lib/gcc/arm-none-eabi/10.3.1/../../../../arm-none-eabi/lib/thumb/v7e-m/nofp/libc_nano.a(lib_a-init.o)
__libc_fini_array                                 /usr/share/gcc-arm/bin/../lib/gcc/arm-none-eabi/10.3.1/../../../../arm-none-eabi/lib/thumb/v7e-m/nofp/crt0.o
__libc_init_array                                 /usr/share/gcc-arm/bin/../lib/gcc/arm-none-eabi/10.3.1/../../../../arm-none-eabi/lib/thumb/v7e-m/nofp/libc_nano.a(lib_a-init.o)
                                                  /usr/share/gcc-arm/bin/../lib/gcc/arm-none-eabi/10.3.1/../../../../arm-none-eabi/lib/thumb/v7e-m/nofp/crt0.o
__preinit_array_end                               /usr/share/gcc-arm/bin/../lib/gcc/arm-none-eabi/10.3.1/../../../../arm-none-eabi/lib/thumb/v7e-m/nofp/libc_nano.a(lib_a-init.o)
__preinit_array_start                             /usr/share/gcc-arm/bin/../lib/gcc/arm-none-eabi/10.3.1/../../../../arm-none-eabi/lib/thumb/v7e-m/nofp/libc_nano.a(lib_a-init.o)
__register_frame_info                             /usr/share/gcc-arm/bin/../lib/gcc/arm-none-eabi/10.3.1/thumb/v7e-m/nofp/crtbegin.o
__sf_fake_stderr                                  /usr/share/gcc-arm/bin/../lib/gcc/arm-none-eabi/10.3.1/../../../../arm-none-eabi/lib/thumb/v7e-m/nofp/libc_nano.a(lib_a-impure.o)
__sf_fake_stdin                                   /usr/share/gcc-arm/bin/../lib/gcc/arm-none-eabi/10.3.1/../../../../arm-none-eabi/lib/thumb/v7e-m/nofp/libc_nano.a(lib_a-impure.o)
__sf_fake_stdout                                  /usr/share/gcc-arm/bin/../lib/gcc/arm-none-eabi/10.3.1/../../../../arm-none-eabi/lib/thumb/v7e-m/nofp/libc_nano.a(lib_a-impure.o)
__stack                                           /usr/share/gcc-arm/bin/../lib/gcc/arm-none-eabi/10.3.1/../../../../arm-none-eabi/lib/thumb/v7e-m/nofp/crt0.o
_ebss                                             ./src/startup.o
_edata                                            ./src/startup.o
_estack                                           ./src/startup.o
_exit                                             /usr/share/gcc-arm/bin/../lib/gcc/arm-none-eabi/10.3.1/../../../../arm-none-eabi/lib/thumb/v7e-m/nofp/libnosys.a(_exit.o)
                                                  /usr/share/gcc-arm/bin/../lib/gcc/arm-none-eabi/10.3.1/../../../../arm-none-eabi/lib/thumb/v7e-m/nofp/libc_nano.a(lib_a-exit.o)
_fini                                             /usr/share/gcc-arm/bin/../lib/gcc/arm-none-eabi/10.3.1/thumb/v7e-m/nofp/crti.o
_global_impure_ptr                                /usr/share/gcc-arm/bin/../lib/gcc/arm-none-eabi/10.3.1/../../../../arm-none-eabi/lib/thumb/v7e-m/nofp/libc_nano.a(lib_a-impure.o)
                                                  /usr/share/gcc-arm/bin/../lib/gcc/arm-none-eabi/10.3.1/../../../../arm-none-eabi/lib/thumb/v7e-m/nofp/libc_nano.a(lib_a-exit.o)
_impure_ptr                                       /usr/share/gcc-arm/bin/../lib/gcc/arm-none-eabi/10.3.1/../../../../arm-none-eabi/lib/thumb/v7e-m/nofp/libc_nano.a(lib_a-impure.o)
_init                                             /usr/share/gcc-arm/bin/../lib/gcc/arm-none-eabi/10.3.1/thumb/v7e-m/nofp/crti.o
                                                  /usr/share/gcc-arm/bin/../lib/gcc/arm-none-eabi/10.3.1/../../../../arm-none-eabi/lib/thumb/v7e-m/nofp/libc_nano.a(lib_a-init.o)
_mainCRTStartup                                   /usr/share/gcc-arm/bin/../lib/gcc/arm-none-eabi/10.3.1/../../../../arm-none-eabi/lib/thumb/v7e-m/nofp/crt0.o
_sbss                                             ./src/startup.o
_sdata                                            ./src/startup.o
_sidata                                           ./src/startup.o
_stack_init                                       /usr/share/gcc-arm/bin/../lib/gcc/arm-none-eabi/10.3.1/../../../../arm-none-eabi/lib/thumb/v7e-m/nofp/crt0.o
_start                                            /usr/share/gcc-arm/bin/../lib/gcc/arm-none-eabi/10.3.1/../../../../arm-none-eabi/lib/thumb/v7e-m/nofp/crt0.o
atexit                                            /usr/share/gcc-arm/bin/../lib/gcc/arm-none-eabi/10.3.1/../../../../arm-none-eabi/lib/thumb/v7e-m/nofp/crt0.o
exit                                              /usr/share/gcc-arm/bin/../lib/gcc/arm-none-eabi/10.3.1/../../../../arm-none-eabi/lib/thumb/v7e-m/nofp/libc_nano.a(lib_a-exit.o)
                                                  /usr/share/gcc-arm/bin/../lib/gcc/arm-none-eabi/10.3.1/../../../../arm-none-eabi/lib/thumb/v7e-m/nofp/crt0.o
g_pfnVectors                                      ./src/startup.o
hardware_init_hook                                /usr/share/gcc-arm/bin/../lib/gcc/arm-none-eabi/10.3.1/../../../../arm-none-eabi/lib/thumb/v7e-m/nofp/crt0.o
main                                              ./src/main.o
                                                  ./src/startup.o
                                                  /usr/share/gcc-arm/bin/../lib/gcc/arm-none-eabi/10.3.1/../../../../arm-none-eabi/lib/thumb/v7e-m/nofp/crt0.o
memset                                            /usr/share/gcc-arm/bin/../lib/gcc/arm-none-eabi/10.3.1/../../../../arm-none-eabi/lib/thumb/v7e-m/nofp/libc_nano.a(lib_a-memset.o)
                                                  /usr/share/gcc-arm/bin/../lib/gcc/arm-none-eabi/10.3.1/../../../../arm-none-eabi/lib/thumb/v7e-m/nofp/crt0.o
software_init_hook                                /usr/share/gcc-arm/bin/../lib/gcc/arm-none-eabi/10.3.1/../../../../arm-none-eabi/lib/thumb/v7e-m/nofp/crt0.o
