Archive member included to satisfy reference by file (symbol)

/usr/share/gcc-arm/bin/../lib/gcc/arm-none-eabi/10.3.1/../../../../arm-none-eabi/lib/thumb/v7e-m/nofp/libc_nano.a(lib_a-exit.o)
                              /usr/share/gcc-arm/bin/../lib/gcc/arm-none-eabi/10.3.1/../../../../arm-none-eabi/lib/thumb/v7e-m/nofp/crt0.o (exit)
/usr/share/gcc-arm/bin/../lib/gcc/arm-none-eabi/10.3.1/../../../../arm-none-eabi/lib/thumb/v7e-m/nofp/libc_nano.a(lib_a-impure.o)
                              /usr/share/gcc-arm/bin/../lib/gcc/arm-none-eabi/10.3.1/../../../../arm-none-eabi/lib/thumb/v7e-m/nofp/libc_nano.a(lib_a-exit.o) (_global_impure_ptr)
/usr/share/gcc-arm/bin/../lib/gcc/arm-none-eabi/10.3.1/../../../../arm-none-eabi/lib/thumb/v7e-m/nofp/libc_nano.a(lib_a-init.o)
                              /usr/share/gcc-arm/bin/../lib/gcc/arm-none-eabi/10.3.1/../../../../arm-none-eabi/lib/thumb/v7e-m/nofp/crt0.o (__libc_init_array)
/usr/share/gcc-arm/bin/../lib/gcc/arm-none-eabi/10.3.1/../../../../arm-none-eabi/lib/thumb/v7e-m/nofp/libc_nano.a(lib_a-memset.o)
                              /usr/share/gcc-arm/bin/../lib/gcc/arm-none-eabi/10.3.1/../../../../arm-none-eabi/lib/thumb/v7e-m/nofp/crt0.o (memset)
/usr/share/gcc-arm/bin/../lib/gcc/arm-none-eabi/10.3.1/../../../../arm-none-eabi/lib/thumb/v7e-m/nofp/libnosys.a(_exit.o)
                              /usr/share/gcc-arm/bin/../lib/gcc/arm-none-eabi/10.3.1/../../../../arm-none-eabi/lib/thumb/v7e-m/nofp/libc_nano.a(lib_a-exit.o) (_exit)

Discarded input sections

 .text          0x0000000000000000        0x0 /usr/share/gcc-arm/bin/../lib/gcc/arm-none-eabi/10.3.1/thumb/v7e-m/nofp/crti.o
 .data          0x0000000000000000        0x0 /usr/share/gcc-arm/bin/../lib/gcc/arm-none-eabi/10.3.1/thumb/v7e-m/nofp/crti.o
 .bss           0x0000000000000000        0x0 /usr/share/gcc-arm/bin/../lib/gcc/arm-none-eabi/10.3.1/thumb/v7e-m/nofp/crti.o
 .data          0x0000000000000000        0x4 /usr/share/gcc-arm/bin/../lib/gcc/arm-none-eabi/10.3.1/thumb/v7e-m/nofp/crtbegin.o
 .rodata        0x0000000000000000       0x24 /usr/share/gcc-arm/bin/../lib/gcc/arm-none-eabi/10.3.1/thumb/v7e-m/nofp/crtbegin.o
 .text          0x0000000000000000       0x7c /usr/share/gcc-arm/bin/../lib/gcc/arm-none-eabi/10.3.1/../../../../arm-none-eabi/lib/thumb/v7e-m/nofp/crt0.o
 .data          0x0000000000000000        0x0 /usr/share/gcc-arm/bin/../lib/gcc/arm-none-eabi/10.3.1/../../../../arm-none-eabi/lib/thumb/v7e-m/nofp/crt0.o
 .bss           0x0000000000000000        0x0 /usr/share/gcc-arm/bin/../lib/gcc/arm-none-eabi/10.3.1/../../../../arm-none-eabi/lib/thumb/v7e-m/nofp/crt0.o
 .ARM.extab     0x0000000000000000        0x0 /usr/share/gcc-arm/bin/../lib/gcc/arm-none-eabi/10.3.1/../../../../arm-none-eabi/lib/thumb/v7e-m/nofp/crt0.o
 .ARM.exidx     0x0000000000000000       0x10 /usr/share/gcc-arm/bin/../lib/gcc/arm-none-eabi/10.3.1/../../../../arm-none-eabi/lib/thumb/v7e-m/nofp/crt0.o
 .ARM.attributes
                0x0000000000000000       0x1c /usr/share/gcc-arm/bin/../lib/gcc/arm-none-eabi/10.3.1/../../../../arm-none-eabi/lib/thumb/v7e-m/nofp/crt0.o
 .text          0x0000000000000000       0x14 ./src/startup.o
 .data          0x0000000000000000        0x0 ./src/startup.o
 .bss           0x0000000000000000        0x0 ./src/startup.o
 .text          0x0000000000000000        0x0 ./src/main.o
 .data          0x0000000000000000        0x0 ./src/main.o
 .bss           0x0000000000000000        0x0 ./src/main.o
 .text          0x0000000000000000        0x0 ./src/drivers/rcc.o
 .data          0x0000000000000000        0x0 ./src/drivers/rcc.o
 .bss           0x0000000000000000        0x0 ./src/drivers/rcc.o
 .text          0x0000000000000000        0x0 ./src/drivers/gpio.o
 .data          0x0000000000000000        0x0 ./src/drivers/gpio.o
 .bss           0x0000000000000000        0x0 ./src/drivers/gpio.o
 .text.gpio_alt
                0x0000000000000000       0x3a ./src/drivers/gpio.o
 .text.gpio_read
                0x0000000000000000        0xe ./src/drivers/gpio.o
 .data.GPIOA    0x0000000000000000        0x4 ./src/drivers/gpio.o
 .data.GPIOB    0x0000000000000000        0x4 ./src/drivers/gpio.o
 .text          0x0000000000000000        0x0 ./src/drivers/systick.o
 .data          0x0000000000000000        0x0 ./src/drivers/systick.o
 .bss           0x0000000000000000        0x0 ./src/drivers/systick.o
 .text.systick_get
                0x0000000000000000        0xc ./src/drivers/systick.o
 .text          0x0000000000000000        0x0 /usr/share/gcc-arm/bin/../lib/gcc/arm-none-eabi/10.3.1/../../../../arm-none-eabi/lib/thumb/v7e-m/nofp/libc_nano.a(lib_a-exit.o)
 .data          0x0000000000000000        0x0 /usr/share/gcc-arm/bin/../lib/gcc/arm-none-eabi/10.3.1/../../../../arm-none-eabi/lib/thumb/v7e-m/nofp/libc_nano.a(lib_a-exit.o)
 .bss           0x0000000000000000        0x0 /usr/share/gcc-arm/bin/../lib/gcc/arm-none-eabi/10.3.1/../../../../arm-none-eabi/lib/thumb/v7e-m/nofp/libc_nano.a(lib_a-exit.o)
 .text.exit     0x0000000000000000       0x28 /usr/share/gcc-arm/bin/../lib/gcc/arm-none-eabi/10.3.1/../../../../arm-none-eabi/lib/thumb/v7e-m/nofp/libc_nano.a(lib_a-exit.o)
 .debug_frame   0x0000000000000000       0x28 /usr/share/gcc-arm/bin/../lib/gcc/arm-none-eabi/10.3.1/../../../../arm-none-eabi/lib/thumb/v7e-m/nofp/libc_nano.a(lib_a-exit.o)
 .ARM.attributes
                0x0000000000000000       0x2e /usr/share/gcc-arm/bin/../lib/gcc/arm-none-eabi/10.3.1/../../../../arm-none-eabi/lib/thumb/v7e-m/nofp/libc_nano.a(lib_a-exit.o)
 .text          0x0000000000000000        0x0 /usr/share/gcc-arm/bin/../lib/gcc/arm-none-eabi/10.3.1/../../../../arm-none-eabi/lib/thumb/v7e-m/nofp/libc_nano.a(lib_a-impure.o)
 .data          0x0000000000000000        0x0 /usr/share/gcc-arm/bin/../lib/gcc/arm-none-eabi/10.3.1/../../../../arm-none-eabi/lib/thumb/v7e-m/nofp/libc_nano.a(lib_a-impure.o)
 .bss           0x0000000000000000        0x0 /usr/share/gcc-arm/bin/../lib/gcc/arm-none-eabi/10.3.1/../../../../arm-none-eabi/lib/thumb/v7e-m/nofp/libc_nano.a(lib_a-impure.o)
 .data._impure_ptr
                0x0000000000000000        0x4 /usr/share/gcc-arm/bin/../lib/gcc/arm-none-eabi/10.3.1/../../../../arm-none-eabi/lib/thumb/v7e-m/nofp/libc_nano.a(lib_a-impure.o)
 .data.impure_data
                0x0000000000000000       0x60 /usr/share/gcc-arm/bin/../lib/gcc/arm-none-eabi/10.3.1/../../../../arm-none-eabi/lib/thumb/v7e-m/nofp/libc_nano.a(lib_a-impure.o)
 .rodata._global_impure_ptr
                0x0000000000000000        0x4 /usr/share/gcc-arm/bin/../lib/gcc/arm-none-eabi/10.3.1/../../../../arm-none-eabi/lib/thumb/v7e-m/nofp/libc_nano.a(lib_a-impure.o)
 .ARM.attributes
                0x0000000000000000       0x2e /usr/share/gcc-arm/bin/../lib/gcc/arm-none-eabi/10.3.1/../../../../arm-none-eabi/lib/thumb/v7e-m/nofp/libc_nano.a(lib_a-impure.o)
 .text          0x0000000000000000        0x0 /usr/share/gcc-arm/bin/../lib/gcc/arm-none-eabi/10.3.1/../../../../arm-none-eabi/lib/thumb/v7e-m/nofp/libc_nano.a(lib_a-init.o)
 .data          0x0000000000000000        0x0 /usr/share/gcc-arm/bin/../lib/gcc/arm-none-eabi/10.3.1/../../../../arm-none-eabi/lib/thumb/v7e-m/nofp/libc_nano.a(lib_a-init.o)
 .bss           0x0000000000000000        0x0 /usr/share/gcc-arm/bin/../lib/gcc/arm-none-eabi/10.3.1/../../../../arm-none-eabi/lib/thumb/v7e-m/nofp/libc_nano.a(lib_a-init.o)
 .text.__libc_init_array
                0x0000000000000000       0x48 /usr/share/gcc-arm/bin/../lib/gcc/arm-none-eabi/10.3.1/../../../../arm-none-eabi/lib/thumb/v7e-m/nofp/libc_nano.a(lib_a-init.o)
 .debug_frame   0x0000000000000000       0x2c /usr/share/gcc-arm/bin/../lib/gcc/arm-none-eabi/10.3.1/../../../../arm-none-eabi/lib/thumb/v7e-m/nofp/libc_nano.a(lib_a-init.o)
 .ARM.attributes
                0x0000000000000000       0x2e /usr/share/gcc-arm/bin/../lib/gcc/arm-none-eabi/10.3.1/../../../../arm-none-eabi/lib/thumb/v7e-m/nofp/libc_nano.a(lib_a-init.o)
 .text          0x0000000000000000        0x0 /usr/share/gcc-arm/bin/../lib/gcc/arm-none-eabi/10.3.1/../../../../arm-none-eabi/lib/thumb/v7e-m/nofp/libc_nano.a(lib_a-memset.o)
 .data          0x0000000000000000        0x0 /usr/share/gcc-arm/bin/../lib/gcc/arm-none-eabi/10.3.1/../../../../arm-none-eabi/lib/thumb/v7e-m/nofp/libc_nano.a(lib_a-memset.o)
 .bss           0x0000000000000000        0x0 /usr/share/gcc-arm/bin/../lib/gcc/arm-none-eabi/10.3.1/../../../../arm-none-eabi/lib/thumb/v7e-m/nofp/libc_nano.a(lib_a-memset.o)
 .text.memset   0x0000000000000000       0x10 /usr/share/gcc-arm/bin/../lib/gcc/arm-none-eabi/10.3.1/../../../../arm-none-eabi/lib/thumb/v7e-m/nofp/libc_nano.a(lib_a-memset.o)
 .debug_frame   0x0000000000000000       0x20 /usr/share/gcc-arm/bin/../lib/gcc/arm-none-eabi/10.3.1/../../../../arm-none-eabi/lib/thumb/v7e-m/nofp/libc_nano.a(lib_a-memset.o)
 .ARM.attributes
                0x0000000000000000       0x2e /usr/share/gcc-arm/bin/../lib/gcc/arm-none-eabi/10.3.1/../../../../arm-none-eabi/lib/thumb/v7e-m/nofp/libc_nano.a(lib_a-memset.o)
 .text          0x0000000000000000        0x0 /usr/share/gcc-arm/bin/../lib/gcc/arm-none-eabi/10.3.1/../../../../arm-none-eabi/lib/thumb/v7e-m/nofp/libnosys.a(_exit.o)
 .data          0x0000000000000000        0x0 /usr/share/gcc-arm/bin/../lib/gcc/arm-none-eabi/10.3.1/../../../../arm-none-eabi/lib/thumb/v7e-m/nofp/libnosys.a(_exit.o)
 .bss           0x0000000000000000        0x0 /usr/share/gcc-arm/bin/../lib/gcc/arm-none-eabi/10.3.1/../../../../arm-none-eabi/lib/thumb/v7e-m/nofp/libnosys.a(_exit.o)
 .text._exit    0x0000000000000000        0x4 /usr/share/gcc-arm/bin/../lib/gcc/arm-none-eabi/10.3.1/../../../../arm-none-eabi/lib/thumb/v7e-m/nofp/libnosys.a(_exit.o)
 .debug_frame   0x0000000000000000       0x20 /usr/share/gcc-arm/bin/../lib/gcc/arm-none-eabi/10.3.1/../../../../arm-none-eabi/lib/thumb/v7e-m/nofp/libnosys.a(_exit.o)
 .ARM.attributes
                0x0000000000000000       0x2e /usr/share/gcc-arm/bin/../lib/gcc/arm-none-eabi/10.3.1/../../../../arm-none-eabi/lib/thumb/v7e-m/nofp/libnosys.a(_exit.o)
 .text          0x0000000000000000        0x0 /usr/share/gcc-arm/bin/../lib/gcc/arm-none-eabi/10.3.1/thumb/v7e-m/nofp/crtend.o
 .data          0x0000000000000000        0x0 /usr/share/gcc-arm/bin/../lib/gcc/arm-none-eabi/10.3.1/thumb/v7e-m/nofp/crtend.o
 .bss           0x0000000000000000        0x0 /usr/share/gcc-arm/bin/../lib/gcc/arm-none-eabi/10.3.1/thumb/v7e-m/nofp/crtend.o
 .rodata        0x0000000000000000       0x24 /usr/share/gcc-arm/bin/../lib/gcc/arm-none-eabi/10.3.1/thumb/v7e-m/nofp/crtend.o
 .eh_frame      0x0000000000000000        0x4 /usr/share/gcc-arm/bin/../lib/gcc/arm-none-eabi/10.3.1/thumb/v7e-m/nofp/crtend.o
 .ARM.attributes
                0x0000000000000000       0x2e /usr/share/gcc-arm/bin/../lib/gcc/arm-none-eabi/10.3.1/thumb/v7e-m/nofp/crtend.o
 .text          0x0000000000000000        0x0 /usr/share/gcc-arm/bin/../lib/gcc/arm-none-eabi/10.3.1/thumb/v7e-m/nofp/crtn.o
 .data          0x0000000000000000        0x0 /usr/share/gcc-arm/bin/../lib/gcc/arm-none-eabi/10.3.1/thumb/v7e-m/nofp/crtn.o
 .bss           0x0000000000000000        0x0 /usr/share/gcc-arm/bin/../lib/gcc/arm-none-eabi/10.3.1/thumb/v7e-m/nofp/crtn.o

Memory Configuration

Name             Origin             Length             Attributes
RAM              0x0000000020000000 0x0000000000020000 xrw
FLASH            0x0000000008000000 0x0000000000080000 xr
*default*        0x0000000000000000 0xffffffffffffffff

Linker script and memory map

LOAD /usr/share/gcc-arm/bin/../lib/gcc/arm-none-eabi/10.3.1/thumb/v7e-m/nofp/crti.o
LOAD /usr/share/gcc-arm/bin/../lib/gcc/arm-none-eabi/10.3.1/thumb/v7e-m/nofp/crtbegin.o
LOAD /usr/share/gcc-arm/bin/../lib/gcc/arm-none-eabi/10.3.1/../../../../arm-none-eabi/lib/thumb/v7e-m/nofp/crt0.o
LOAD ./src/startup.o
LOAD ./src/main.o
LOAD ./src/drivers/rcc.o
LOAD ./src/drivers/gpio.o
LOAD ./src/drivers/systick.o
LOAD /usr/share/gcc-arm/bin/../lib/gcc/arm-none-eabi/10.3.1/../../../../arm-none-eabi/lib/thumb/v7e-m/nofp/libc_nano.a
LOAD /usr/share/gcc-arm/bin/../lib/gcc/arm-none-eabi/10.3.1/../../../../arm-none-eabi/lib/thumb/v7e-m/nofp/libm.a
LOAD /usr/share/gcc-arm/bin/../lib/gcc/arm-none-eabi/10.3.1/../../../../arm-none-eabi/lib/thumb/v7e-m/nofp/libnosys.a
START GROUP
LOAD /usr/share/gcc-arm/bin/../lib/gcc/arm-none-eabi/10.3.1/thumb/v7e-m/nofp/libgcc.a
LOAD /usr/share/gcc-arm/bin/../lib/gcc/arm-none-eabi/10.3.1/../../../../arm-none-eabi/lib/thumb/v7e-m/nofp/libc_nano.a
END GROUP
START GROUP
LOAD /usr/share/gcc-arm/bin/../lib/gcc/arm-none-eabi/10.3.1/thumb/v7e-m/nofp/libgcc.a
LOAD /usr/share/gcc-arm/bin/../lib/gcc/arm-none-eabi/10.3.1/../../../../arm-none-eabi/lib/thumb/v7e-m/nofp/libc_nano.a
END GROUP
LOAD /usr/share/gcc-arm/bin/../lib/gcc/arm-none-eabi/10.3.1/thumb/v7e-m/nofp/crtend.o
LOAD /usr/share/gcc-arm/bin/../lib/gcc/arm-none-eabi/10.3.1/thumb/v7e-m/nofp/crtn.o
                0x0000000020020000                _estack = (ORIGIN (RAM) + LENGTH (RAM))
                0x0000000000000200                _Min_Heap_Size = 0x200
                0x0000000000000400                _Min_Stack_Size = 0x400

.isr_vector     0x0000000008000000      0x198
                0x0000000008000000                . = ALIGN (0x4)
 *(.isr_vector)
 .isr_vector    0x0000000008000000      0x198 ./src/startup.o
                0x0000000008000000                g_pfnVectors
                0x0000000008000198                . = ALIGN (0x4)

.text           0x0000000008000198      0x1ac
                0x0000000008000198                . = ALIGN (0x4)
 *(.text)
 .text          0x0000000008000198       0x40 /usr/share/gcc-arm/bin/../lib/gcc/arm-none-eabi/10.3.1/thumb/v7e-m/nofp/crtbegin.o
 *(.text*)
 .text.Reset_Handler
                0x00000000080001d8       0x48 ./src/startup.o
                0x00000000080001d8                Reset_Handler
 .text.Default_Handler
                0x0000000008000220        0x2 ./src/startup.o
                0x0000000008000220                RTC_Alarm_IRQHandler
                0x0000000008000220                EXTI2_IRQHandler
                0x0000000008000220                DebugMon_Handler
                0x0000000008000220                SPI4_IRQHandler
                0x0000000008000220                TIM1_CC_IRQHandler
                0x0000000008000220                DMA2_Stream5_IRQHandler
                0x0000000008000220                HardFault_Handler
                0x0000000008000220                DMA1_Stream5_IRQHandler
                0x0000000008000220                PVD_IRQHandler
                0x0000000008000220                SDIO_IRQHandler
                0x0000000008000220                TAMP_STAMP_IRQHandler
                0x0000000008000220                PendSV_Handler
                0x0000000008000220                NMI_Handler
                0x0000000008000220                EXTI3_IRQHandler
                0x0000000008000220                TIM1_UP_TIM10_IRQHandler
                0x0000000008000220                I2C3_ER_IRQHandler
                0x0000000008000220                EXTI0_IRQHandler
                0x0000000008000220                I2C2_EV_IRQHandler
                0x0000000008000220                DMA1_Stream2_IRQHandler
                0x0000000008000220                FPU_IRQHandler
                0x0000000008000220                UsageFault_Handler
                0x0000000008000220                DMA2_Stream2_IRQHandler
                0x0000000008000220                SPI1_IRQHandler
                0x0000000008000220                TIM1_BRK_TIM9_IRQHandler
                0x0000000008000220                DMA2_Stream3_IRQHandler
                0x0000000008000220                USART6_IRQHandler
                0x0000000008000220                DMA2_Stream0_IRQHandler
                0x0000000008000220                TIM4_IRQHandler
                0x0000000008000220                I2C1_EV_IRQHandler
                0x0000000008000220                DMA1_Stream6_IRQHandler
                0x0000000008000220                DMA1_Stream1_IRQHandler
                0x0000000008000220                TIM3_IRQHandler
                0x0000000008000220                RCC_IRQHandler
                0x0000000008000220                Default_Handler
                0x0000000008000220                EXTI15_10_IRQHandler
                0x0000000008000220                ADC_IRQHandler
                0x0000000008000220                DMA1_Stream7_IRQHandler
                0x0000000008000220                SPI5_IRQHandler
                0x0000000008000220                TIM5_IRQHandler
                0x0000000008000220                DMA2_Stream7_IRQHandler
                0x0000000008000220                I2C3_EV_IRQHandler
                0x0000000008000220                EXTI9_5_IRQHandler
                0x0000000008000220                RTC_WKUP_IRQHandler
                0x0000000008000220                SPI2_IRQHandler
                0x0000000008000220                MemManage_Handler
                0x0000000008000220                DMA1_Stream0_IRQHandler
                0x0000000008000220                SVC_Handler
                0x0000000008000220                EXTI4_IRQHandler
                0x0000000008000220                WWDG_IRQHandler
                0x0000000008000220                TIM2_IRQHandler
                0x0000000008000220                OTG_FS_WKUP_IRQHandler
                0x0000000008000220                TIM1_TRG_COM_TIM11_IRQHandler
                0x0000000008000220                EXTI1_IRQHandler
                0x0000000008000220                USART2_IRQHandler
                0x0000000008000220                I2C2_ER_IRQHandler
                0x0000000008000220                DMA2_Stream1_IRQHandler
                0x0000000008000220                FLASH_IRQHandler
                0x0000000008000220                DMA2_Stream4_IRQHandler
                0x0000000008000220                BusFault_Handler
                0x0000000008000220                USART1_IRQHandler
                0x0000000008000220                OTG_FS_IRQHandler
                0x0000000008000220                SPI3_IRQHandler
                0x0000000008000220                DMA1_Stream4_IRQHandler
                0x0000000008000220                I2C1_ER_IRQHandler
                0x0000000008000220                DMA2_Stream6_IRQHandler
                0x0000000008000220                DMA1_Stream3_IRQHandler
 *fill*         0x0000000008000222        0x2 
 .text.main     0x0000000008000224       0x48 ./src/main.o
                0x0000000008000224                main
 .text.rcc_init
                0x000000000800026c       0x18 ./src/drivers/rcc.o
                0x000000000800026c                rcc_init
 .text.gpio_mode
                0x0000000008000284       0x4e ./src/drivers/gpio.o
                0x0000000008000284                gpio_mode
 .text.gpio_write
                0x00000000080002d2       0x1a ./src/drivers/gpio.o
                0x00000000080002d2                gpio_write
 .text.systick_init
                0x00000000080002ec       0x1c ./src/drivers/systick.o
                0x00000000080002ec                systick_init
 .text.SysTick_Handler
                0x0000000008000308       0x10 ./src/drivers/systick.o
                0x0000000008000308                SysTick_Handler
 .text.delay    0x0000000008000318       0x14 ./src/drivers/systick.o
                0x0000000008000318                delay
 *(.glue_7)
 .glue_7        0x000000000800032c        0x0 linker stubs
 *(.glue_7t)
 .glue_7t       0x000000000800032c        0x0 linker stubs
 *(.eh_frame)
 .eh_frame      0x000000000800032c        0x0 /usr/share/gcc-arm/bin/../lib/gcc/arm-none-eabi/10.3.1/thumb/v7e-m/nofp/crtbegin.o
 *(.init)
 .init          0x000000000800032c        0x4 /usr/share/gcc-arm/bin/../lib/gcc/arm-none-eabi/10.3.1/thumb/v7e-m/nofp/crti.o
                0x000000000800032c                _init
 .init          0x0000000008000330        0x8 /usr/share/gcc-arm/bin/../lib/gcc/arm-none-eabi/10.3.1/thumb/v7e-m/nofp/crtn.o
 *(.fini)
 .fini          0x0000000008000338        0x4 /usr/share/gcc-arm/bin/../lib/gcc/arm-none-eabi/10.3.1/thumb/v7e-m/nofp/crti.o
                0x0000000008000338                _fini
 .fini          0x000000000800033c        0x8 /usr/share/gcc-arm/bin/../lib/gcc/arm-none-eabi/10.3.1/thumb/v7e-m/nofp/crtn.o
                0x0000000008000344                . = ALIGN (0x4)
                0x0000000008000344                _etext = .

.vfp11_veneer   0x0000000008000344        0x0
 .vfp11_veneer  0x0000000008000344        0x0 linker stubs

.v4_bx          0x0000000008000344        0x0
 .v4_bx         0x0000000008000344        0x0 linker stubs

.iplt           0x0000000008000344        0x0
 .iplt          0x0000000008000344        0x0 /usr/share/gcc-arm/bin/../lib/gcc/arm-none-eabi/10.3.1/thumb/v7e-m/nofp/crtbegin.o

.rel.dyn        0x0000000008000344        0x0
 .rel.iplt      0x0000000008000344        0x0 /usr/share/gcc-arm/bin/../lib/gcc/arm-none-eabi/10.3.1/thumb/v7e-m/nofp/crtbegin.o

.rodata         0x0000000008000344        0x0
                0x0000000008000344                . = ALIGN (0x4)
 *(.rodata)
 *(.rodata*)
                0x0000000008000344                . = ALIGN (0x4)

.ARM.extab
 *(.ARM.extab* .gnu.linkonce.armextab.*)

.ARM            0x0000000008000344        0x0
                0x0000000008000344                __exidx_start = .
 *(.ARM.exidx*)
                0x0000000008000344                __exidx_end = .

.preinit_array  0x0000000008000344        0x0
                0x0000000008000344                PROVIDE (__preinit_array_start = .)
 *(.preinit_array*)
                0x0000000008000344                PROVIDE (__preinit_array_end = .)

.init_array     0x0000000008000344        0x4
                0x0000000008000344                PROVIDE (__init_array_start = .)
 *(SORT_BY_NAME(.init_array.*))
 *(.init_array*)
 .init_array    0x0000000008000344        0x4 /usr/share/gcc-arm/bin/../lib/gcc/arm-none-eabi/10.3.1/thumb/v7e-m/nofp/crtbegin.o
                0x0000000008000348                PROVIDE (__init_array_end = .)

.fini_array     0x0000000008000348        0x4
                [!provide]                        PROVIDE (__fini_array_start = .)
 *(SORT_BY_NAME(.fini_array.*))
 *(.fini_array*)
 .fini_array    0x0000000008000348        0x4 /usr/share/gcc-arm/bin/../lib/gcc/arm-none-eabi/10.3.1/thumb/v7e-m/nofp/crtbegin.o
                [!provide]                        PROVIDE (__fini_array_end = .)
                0x000000000800034c                _sidata = LOADADDR (.data)

.data           0x0000000020000000        0x4 load address 0x000000000800034c
                0x0000000020000000                . = ALIGN (0x4)
                0x0000000020000000                _sdata = .
 *(.data)
 *(.data*)
 .data.GPIOC    0x0000000020000000        0x4 ./src/drivers/gpio.o
                0x0000000020000000                GPIOC
                0x0000000020000004                . = ALIGN (0x4)
                0x0000000020000004                _edata = .

.igot.plt       0x0000000020000004        0x0 load address 0x0000000008000350
 .igot.plt      0x0000000020000004        0x0 /usr/share/gcc-arm/bin/../lib/gcc/arm-none-eabi/10.3.1/thumb/v7e-m/nofp/crtbegin.o
                0x0000000020000004                . = ALIGN (0x4)

.bss            0x0000000020000004       0x20 load address 0x0000000008000350
                0x0000000020000004                _sbss = .
                0x0000000020000004                __bss_start__ = _sbss
 *(.bss)
 .bss           0x0000000020000004       0x1c /usr/share/gcc-arm/bin/../lib/gcc/arm-none-eabi/10.3.1/thumb/v7e-m/nofp/crtbegin.o
 *(.bss*)
 .bss.systick_ticks
                0x0000000020000020        0x4 ./src/drivers/systick.o
                0x0000000020000020                systick_ticks
 *(COMMON)
                0x0000000020000024                . = ALIGN (0x4)
                0x0000000020000024                _ebss = .
                0x0000000020000024                __bss_end__ = _ebss

._user_heap_stack
                0x0000000020000024      0x604 load address 0x0000000008000350
                0x0000000020000028                . = ALIGN (0x8)
 *fill*         0x0000000020000024        0x4 
                [!provide]                        PROVIDE (end = .)
                [!provide]                        PROVIDE (_end = .)
                0x0000000020000228                . = (. + _Min_Heap_Size)
 *fill*         0x0000000020000028      0x200 
                0x0000000020000628                . = (. + _Min_Stack_Size)
 *fill*         0x0000000020000228      0x400 
                0x0000000020000628                . = ALIGN (0x8)

/DISCARD/
 libc.a(*)
 libm.a(*)
 libgcc.a(*)

.ARM.attributes
                0x0000000000000000       0x2a
 *(.ARM.attributes)
 .ARM.attributes
                0x0000000000000000       0x1e /usr/share/gcc-arm/bin/../lib/gcc/arm-none-eabi/10.3.1/thumb/v7e-m/nofp/crti.o
 .ARM.attributes
                0x000000000000001e       0x2e /usr/share/gcc-arm/bin/../lib/gcc/arm-none-eabi/10.3.1/thumb/v7e-m/nofp/crtbegin.o
 .ARM.attributes
                0x000000000000004c       0x21 ./src/startup.o
 .ARM.attributes
                0x000000000000006d       0x2e ./src/main.o
 .ARM.attributes
                0x000000000000009b       0x2e ./src/drivers/rcc.o
 .ARM.attributes
                0x00000000000000c9       0x2e ./src/drivers/gpio.o
 .ARM.attributes
                0x00000000000000f7       0x2e ./src/drivers/systick.o
 .ARM.attributes
                0x0000000000000125       0x1e /usr/share/gcc-arm/bin/../lib/gcc/arm-none-eabi/10.3.1/thumb/v7e-m/nofp/crtn.o
OUTPUT(build/debug.elf elf32-littlearm)
LOAD linker stubs
LOAD /usr/share/gcc-arm/bin/../lib/gcc/arm-none-eabi/10.3.1/../../../../arm-none-eabi/lib/thumb/v7e-m/nofp/libc.a
LOAD /usr/share/gcc-arm/bin/../lib/gcc/arm-none-eabi/10.3.1/../../../../arm-none-eabi/lib/thumb/v7e-m/nofp/libm.a
LOAD /usr/share/gcc-arm/bin/../lib/gcc/arm-none-eabi/10.3.1/thumb/v7e-m/nofp/libgcc.a

.debug_line     0x0000000000000000      0x586
 .debug_line    0x0000000000000000       0x6c ./src/startup.o
 .debug_line    0x000000000000006c      0x10c ./src/main.o
 .debug_line    0x0000000000000178       0xdc ./src/drivers/rcc.o
 .debug_line    0x0000000000000254      0x1c9 ./src/drivers/gpio.o
 .debug_line    0x000000000000041d      0x169 ./src/drivers/systick.o

.debug_info     0x0000000000000000      0x9ca
 .debug_info    0x0000000000000000       0x22 ./src/startup.o
 .debug_info    0x0000000000000022      0x23e ./src/main.o
 .debug_info    0x0000000000000260      0x2f2 ./src/drivers/rcc.o
 .debug_info    0x0000000000000552      0x2d0 ./src/drivers/gpio.o
 .debug_info    0x0000000000000822      0x1a8 ./src/drivers/systick.o

.debug_abbrev   0x0000000000000000      0x40a
 .debug_abbrev  0x0000000000000000       0x12 ./src/startup.o
 .debug_abbrev  0x0000000000000012       0xee ./src/main.o
 .debug_abbrev  0x0000000000000100       0xa7 ./src/drivers/rcc.o
 .debug_abbrev  0x00000000000001a7      0x13c ./src/drivers/gpio.o
 .debug_abbrev  0x00000000000002e3      0x127 ./src/drivers/systick.o

.debug_aranges  0x0000000000000000       0xd8
 .debug_aranges
                0x0000000000000000       0x28 ./src/startup.o
 .debug_aranges
                0x0000000000000028       0x20 ./src/main.o
 .debug_aranges
                0x0000000000000048       0x20 ./src/drivers/rcc.o
 .debug_aranges
                0x0000000000000068       0x38 ./src/drivers/gpio.o
 .debug_aranges
                0x00000000000000a0       0x38 ./src/drivers/systick.o

.debug_str      0x0000000000000000      0x3b8
 .debug_str     0x0000000000000000       0x56 ./src/startup.o
 .debug_str     0x0000000000000056      0x15e ./src/main.o
                                        0x1d5 (size before relaxing)
 .debug_str     0x00000000000001b4      0x146 ./src/drivers/rcc.o
                                        0x2b6 (size before relaxing)
 .debug_str     0x00000000000002fa       0x50 ./src/drivers/gpio.o
                                        0x206 (size before relaxing)
 .debug_str     0x000000000000034a       0x6e ./src/drivers/systick.o
                                        0x1eb (size before relaxing)

.debug_ranges   0x0000000000000000       0x90
 .debug_ranges  0x0000000000000000       0x20 ./src/startup.o
 .debug_ranges  0x0000000000000020       0x10 ./src/main.o
 .debug_ranges  0x0000000000000030       0x10 ./src/drivers/rcc.o
 .debug_ranges  0x0000000000000040       0x28 ./src/drivers/gpio.o
 .debug_ranges  0x0000000000000068       0x28 ./src/drivers/systick.o

.debug_loc      0x0000000000000000      0x14f
 .debug_loc     0x0000000000000000       0x20 ./src/main.o
 .debug_loc     0x0000000000000020       0xf6 ./src/drivers/gpio.o
 .debug_loc     0x0000000000000116       0x39 ./src/drivers/systick.o

.comment        0x0000000000000000       0x49
 .comment       0x0000000000000000       0x49 ./src/main.o
                                         0x4a (size before relaxing)
 .comment       0x0000000000000049       0x4a ./src/drivers/rcc.o
 .comment       0x0000000000000049       0x4a ./src/drivers/gpio.o
 .comment       0x0000000000000049       0x4a ./src/drivers/systick.o

.debug_frame    0x0000000000000000       0xf0
 .debug_frame   0x0000000000000000       0x28 ./src/main.o
 .debug_frame   0x0000000000000028       0x20 ./src/drivers/rcc.o
 .debug_frame   0x0000000000000048       0x58 ./src/drivers/gpio.o
 .debug_frame   0x00000000000000a0       0x50 ./src/drivers/systick.o

Cross Reference Table

Symbol                                            File
ADC_IRQHandler                                    ./src/startup.o
BusFault_Handler                                  ./src/startup.o
DMA1_Stream0_IRQHandler                           ./src/startup.o
DMA1_Stream1_IRQHandler                           ./src/startup.o
DMA1_Stream2_IRQHandler                           ./src/startup.o
DMA1_Stream3_IRQHandler                           ./src/startup.o
DMA1_Stream4_IRQHandler                           ./src/startup.o
DMA1_Stream5_IRQHandler                           ./src/startup.o
DMA1_Stream6_IRQHandler                           ./src/startup.o
DMA1_Stream7_IRQHandler                           ./src/startup.o
DMA2_Stream0_IRQHandler                           ./src/startup.o
DMA2_Stream1_IRQHandler                           ./src/startup.o
DMA2_Stream2_IRQHandler                           ./src/startup.o
DMA2_Stream3_IRQHandler                           ./src/startup.o
DMA2_Stream4_IRQHandler                           ./src/startup.o
DMA2_Stream5_IRQHandler                           ./src/startup.o
DMA2_Stream6_IRQHandler                           ./src/startup.o
DMA2_Stream7_IRQHandler                           ./src/startup.o
DebugMon_Handler                                  ./src/startup.o
Default_Handler                                   ./src/startup.o
EXTI0_IRQHandler                                  ./src/startup.o
EXTI15_10_IRQHandler                              ./src/startup.o
EXTI1_IRQHandler                                  ./src/startup.o
EXTI2_IRQHandler                                  ./src/startup.o
EXTI3_IRQHandler                                  ./src/startup.o
EXTI4_IRQHandler                                  ./src/startup.o
EXTI9_5_IRQHandler                                ./src/startup.o
FLASH_IRQHandler                                  ./src/startup.o
FPU_IRQHandler                                    ./src/startup.o
GPIOA                                             ./src/drivers/gpio.o
GPIOB                                             ./src/drivers/gpio.o
GPIOC                                             ./src/drivers/gpio.o
                                                  ./src/main.o
HardFault_Handler                                 ./src/startup.o
I2C1_ER_IRQHandler                                ./src/startup.o
I2C1_EV_IRQHandler                                ./src/startup.o
I2C2_ER_IRQHandler                                ./src/startup.o
I2C2_EV_IRQHandler                                ./src/startup.o
I2C3_ER_IRQHandler                                ./src/startup.o
I2C3_EV_IRQHandler                                ./src/startup.o
MemManage_Handler                                 ./src/startup.o
NMI_Handler                                       ./src/startup.o
OTG_FS_IRQHandler                                 ./src/startup.o
OTG_FS_WKUP_IRQHandler                            ./src/startup.o
PVD_IRQHandler                                    ./src/startup.o
PendSV_Handler                                    ./src/startup.o
RCC_IRQHandler                                    ./src/startup.o
RTC_Alarm_IRQHandler                              ./src/startup.o
RTC_WKUP_IRQHandler                               ./src/startup.o
Reset_Handler                                     ./src/startup.o
SDIO_IRQHandler                                   ./src/startup.o
SPI1_IRQHandler                                   ./src/startup.o
SPI2_IRQHandler                                   ./src/startup.o
SPI3_IRQHandler                                   ./src/startup.o
SPI4_IRQHandler                                   ./src/startup.o
SPI5_IRQHandler                                   ./src/startup.o
SVC_Handler                                       ./src/startup.o
SysTick_Handler                                   ./src/drivers/systick.o
                                                  ./src/startup.o
TAMP_STAMP_IRQHandler                             ./src/startup.o
TIM1_BRK_TIM9_IRQHandler                          ./src/startup.o
TIM1_CC_IRQHandler                                ./src/startup.o
TIM1_TRG_COM_TIM11_IRQHandler                     ./src/startup.o
TIM1_UP_TIM10_IRQHandler                          ./src/startup.o
TIM2_IRQHandler                                   ./src/startup.o
TIM3_IRQHandler                                   ./src/startup.o
TIM4_IRQHandler                                   ./src/startup.o
TIM5_IRQHandler                                   ./src/startup.o
USART1_IRQHandler                                 ./src/startup.o
USART2_IRQHandler                                 ./src/startup.o
USART6_IRQHandler                                 ./src/startup.o
UsageFault_Handler                                ./src/startup.o
WWDG_IRQHandler                                   ./src/startup.o
__bss_end__                                       /usr/share/gcc-arm/bin/../lib/gcc/arm-none-eabi/10.3.1/../../../../arm-none-eabi/lib/thumb/v7e-m/nofp/crt0.o
__bss_start__                                     /usr/share/gcc-arm/bin/../lib/gcc/arm-none-eabi/10.3.1/../../../../arm-none-eabi/lib/thumb/v7e-m/nofp/crt0.o
__call_exitprocs                                  /usr/share/gcc-arm/bin/../lib/gcc/arm-none-eabi/10.3.1/../../../../arm-none-eabi/lib/thumb/v7e-m/nofp/libc_nano.a(lib_a-exit.o)
__deregister_frame_info                           /usr/share/gcc-arm/bin/../lib/gcc/arm-none-eabi/10.3.1/thumb/v7e-m/nofp/crtbegin.o
__dso_handle                                      /usr/share/gcc-arm/bin/../lib/gcc/arm-none-eabi/10.3.1/thumb/v7e-m/nofp/crtbegin.o
__init_array_end                                  /usr/share/gcc-arm/bin/../lib/gcc/arm-none-eabi/10.3.1/../../../../arm-none-eabi/lib/thumb/v7e-m/nofp/libc_nano.a(lib_a-init.o)
__init_array_start                                /usr/share/gcc-arm/bin/../lib/gcc/arm-none-eabi/10.3.1/../../../../arm-none-eabi/lib/thumb/v7e-m/nofp/libc_nano.a(lib_a-init.o)
__libc_fini_array                                 /usr/share/gcc-arm/bin/../lib/gcc/arm-none-eabi/10.3.1/../../../../arm-none-eabi/lib/thumb/v7e-m/nofp/crt0.o
__libc_init_array                                 /usr/share/gcc-arm/bin/../lib/gcc/arm-none-eabi/10.3.1/../../../../arm-none-eabi/lib/thumb/v7e-m/nofp/libc_nano.a(lib_a-init.o)
                                                  /usr/share/gcc-arm/bin/../lib/gcc/arm-none-eabi/10.3.1/../../../../arm-none-eabi/lib/thumb/v7e-m/nofp/crt0.o
__preinit_array_end                               /usr/share/gcc-arm/bin/../lib/gcc/arm-none-eabi/10.3.1/../../../../arm-none-eabi/lib/thumb/v7e-m/nofp/libc_nano.a(lib_a-init.o)
__preinit_array_start                             /usr/share/gcc-arm/bin/../lib/gcc/arm-none-eabi/10.3.1/../../../../arm-none-eabi/lib/thumb/v7e-m/nofp/libc_nano.a(lib_a-init.o)
__register_frame_info                             /usr/share/gcc-arm/bin/../lib/gcc/arm-none-eabi/10.3.1/thumb/v7e-m/nofp/crtbegin.o
__sf_fake_stderr                                  /usr/share/gcc-arm/bin/../lib/gcc/arm-none-eabi/10.3.1/../../../../arm-none-eabi/lib/thumb/v7e-m/nofp/libc_nano.a(lib_a-impure.o)
__sf_fake_stdin                                   /usr/share/gcc-arm/bin/../lib/gcc/arm-none-eabi/10.3.1/../../../../arm-none-eabi/lib/thumb/v7e-m/nofp/libc_nano.a(lib_a-impure.o)
__sf_fake_stdout                                  /usr/share/gcc-arm/bin/../lib/gcc/arm-none-eabi/10.3.1/../../../../arm-none-eabi/lib/thumb/v7e-m/nofp/libc_nano.a(lib_a-impure.o)
__stack                                           /usr/share/gcc-arm/bin/../lib/gcc/arm-none-eabi/10.3.1/../../../../arm-none-eabi/lib/thumb/v7e-m/nofp/crt0.o
_ebss                                             ./src/startup.o
_edata                                            ./src/startup.o
_estack                                           ./src/startup.o
_exit                                             /usr/share/gcc-arm/bin/../lib/gcc/arm-none-eabi/10.3.1/../../../../arm-none-eabi/lib/thumb/v7e-m/nofp/libnosys.a(_exit.o)
                                                  /usr/share/gcc-arm/bin/../lib/gcc/arm-none-eabi/10.3.1/../../../../arm-none-eabi/lib/thumb/v7e-m/nofp/libc_nano.a(lib_a-exit.o)
_fini                                             /usr/share/gcc-arm/bin/../lib/gcc/arm-none-eabi/10.3.1/thumb/v7e-m/nofp/crti.o
_global_impure_ptr                                /usr/share/gcc-arm/bin/../lib/gcc/arm-none-eabi/10.3.1/../../../../arm-none-eabi/lib/thumb/v7e-m/nofp/libc_nano.a(lib_a-impure.o)
                                                  /usr/share/gcc-arm/bin/../lib/gcc/arm-none-eabi/10.3.1/../../../../arm-none-eabi/lib/thumb/v7e-m/nofp/libc_nano.a(lib_a-exit.o)
_impure_ptr                                       /usr/share/gcc-arm/bin/../lib/gcc/arm-none-eabi/10.3.1/../../../../arm-none-eabi/lib/thumb/v7e-m/nofp/libc_nano.a(lib_a-impure.o)
_init                                             /usr/share/gcc-arm/bin/../lib/gcc/arm-none-eabi/10.3.1/thumb/v7e-m/nofp/crti.o
                                                  /usr/share/gcc-arm/bin/../lib/gcc/arm-none-eabi/10.3.1/../../../../arm-none-eabi/lib/thumb/v7e-m/nofp/libc_nano.a(lib_a-init.o)
_mainCRTStartup                                   /usr/share/gcc-arm/bin/../lib/gcc/arm-none-eabi/10.3.1/../../../../arm-none-eabi/lib/thumb/v7e-m/nofp/crt0.o
_sbss                                             ./src/startup.o
_sdata                                            ./src/startup.o
_sidata                                           ./src/startup.o
_stack_init                                       /usr/share/gcc-arm/bin/../lib/gcc/arm-none-eabi/10.3.1/../../../../arm-none-eabi/lib/thumb/v7e-m/nofp/crt0.o
_start                                            /usr/share/gcc-arm/bin/../lib/gcc/arm-none-eabi/10.3.1/../../../../arm-none-eabi/lib/thumb/v7e-m/nofp/crt0.o
atexit                                            /usr/share/gcc-arm/bin/../lib/gcc/arm-none-eabi/10.3.1/../../../../arm-none-eabi/lib/thumb/v7e-m/nofp/crt0.o
delay                                             ./src/drivers/systick.o
                                                  ./src/main.o
exit                                              /usr/share/gcc-arm/bin/../lib/gcc/arm-none-eabi/10.3.1/../../../../arm-none-eabi/lib/thumb/v7e-m/nofp/libc_nano.a(lib_a-exit.o)
                                                  /usr/share/gcc-arm/bin/../lib/gcc/arm-none-eabi/10.3.1/../../../../arm-none-eabi/lib/thumb/v7e-m/nofp/crt0.o
g_pfnVectors                                      ./src/startup.o
gpio_alt                                          ./src/drivers/gpio.o
gpio_mode                                         ./src/drivers/gpio.o
                                                  ./src/main.o
gpio_read                                         ./src/drivers/gpio.o
gpio_write                                        ./src/drivers/gpio.o
                                                  ./src/main.o
hardware_init_hook                                /usr/share/gcc-arm/bin/../lib/gcc/arm-none-eabi/10.3.1/../../../../arm-none-eabi/lib/thumb/v7e-m/nofp/crt0.o
main                                              ./src/main.o
                                                  ./src/startup.o
                                                  /usr/share/gcc-arm/bin/../lib/gcc/arm-none-eabi/10.3.1/../../../../arm-none-eabi/lib/thumb/v7e-m/nofp/crt0.o
memset                                            /usr/share/gcc-arm/bin/../lib/gcc/arm-none-eabi/10.3.1/../../../../arm-none-eabi/lib/thumb/v7e-m/nofp/libc_nano.a(lib_a-memset.o)
                                                  /usr/share/gcc-arm/bin/../lib/gcc/arm-none-eabi/10.3.1/../../../../arm-none-eabi/lib/thumb/v7e-m/nofp/crt0.o
rcc_init                                          ./src/drivers/rcc.o
                                                  ./src/main.o
software_init_hook                                /usr/share/gcc-arm/bin/../lib/gcc/arm-none-eabi/10.3.1/../../../../arm-none-eabi/lib/thumb/v7e-m/nofp/crt0.o
systick_get                                       ./src/drivers/systick.o
systick_init                                      ./src/drivers/systick.o
                                                  ./src/main.o
systick_ticks                                     ./src/drivers/systick.o
